[    0.000000] Linux version 5.11.0-051100rc6-generic (kernel@kathleen) (gcc (Ubuntu 10.2.0-13ubuntu1) 10.2.0, GNU ld (GNU Binutils for Ubuntu) 2.35.1) #202101312230 SMP Sun Jan 31 22:33:58 UTC 2021
[    0.000000] Command line: BOOT_IMAGE=/boot/vmlinuz-5.11.0-051100rc6-generic root=UUID=34f086cc-1c78-4f3f-89c2-33baa91b5741 ro quiet splash vt.handoff=7
[    0.000000] KERNEL supported cpus:
[    0.000000]   Intel GenuineIntel
[    0.000000]   AMD AuthenticAMD
[    0.000000]   Hygon HygonGenuine
[    0.000000]   Centaur CentaurHauls
[    0.000000]   zhaoxin   Shanghai  
[    0.000000] x86/fpu: Supporting XSAVE feature 0x001: 'x87 floating point registers'
[    0.000000] x86/fpu: Supporting XSAVE feature 0x002: 'SSE registers'
[    0.000000] x86/fpu: Supporting XSAVE feature 0x004: 'AVX registers'
[    0.000000] x86/fpu: xstate_offset[2]:  576, xstate_sizes[2]:  256
[    0.000000] x86/fpu: Enabled xstate features 0x7, context size is 832 bytes, using 'compacted' format.
[    0.000000] BIOS-provided physical RAM map:
[    0.000000] BIOS-e820: [mem 0x0000000000000000-0x000000000009ffff] usable
[    0.000000] BIOS-e820: [mem 0x00000000000a0000-0x00000000000fffff] reserved
[    0.000000] BIOS-e820: [mem 0x0000000000100000-0x0000000009bfefff] usable
[    0.000000] BIOS-e820: [mem 0x0000000009bff000-0x0000000009ffffff] reserved
[    0.000000] BIOS-e820: [mem 0x000000000a000000-0x000000000a1fffff] usable
[    0.000000] BIOS-e820: [mem 0x000000000a200000-0x000000000a20cfff] ACPI NVS
[    0.000000] BIOS-e820: [mem 0x000000000a20d000-0x00000000c9ebafff] usable
[    0.000000] BIOS-e820: [mem 0x00000000c9ebb000-0x00000000cb3a2fff] reserved
[    0.000000] BIOS-e820: [mem 0x00000000cb3a3000-0x00000000cb3a3fff] ACPI data
[    0.000000] BIOS-e820: [mem 0x00000000cb3a4000-0x00000000cb3a4fff] reserved
[    0.000000] BIOS-e820: [mem 0x00000000cb3a5000-0x00000000cb3f0fff] ACPI data
[    0.000000] BIOS-e820: [mem 0x00000000cb3f1000-0x00000000cb597fff] ACPI NVS
[    0.000000] BIOS-e820: [mem 0x00000000cb598000-0x00000000cd1fefff] reserved
[    0.000000] BIOS-e820: [mem 0x00000000cd1ff000-0x00000000cdffffff] usable
[    0.000000] BIOS-e820: [mem 0x00000000ce000000-0x00000000cfffffff] reserved
[    0.000000] BIOS-e820: [mem 0x00000000f0000000-0x00000000f7ffffff] reserved
[    0.000000] BIOS-e820: [mem 0x00000000fd000000-0x00000000ffffffff] reserved
[    0.000000] BIOS-e820: [mem 0x0000000100000000-0x000000020f33ffff] usable
[    0.000000] BIOS-e820: [mem 0x000000020f340000-0x00000002501fffff] reserved
[    0.000000] NX (Execute Disable) protection: active
[    0.000000] e820: update [mem 0xc68d3018-0xc68e0457] usable ==> usable
[    0.000000] e820: update [mem 0xc68d3018-0xc68e0457] usable ==> usable
[    0.000000] extended physical RAM map:
[    0.000000] reserve setup_data: [mem 0x0000000000000000-0x000000000009ffff] usable
[    0.000000] reserve setup_data: [mem 0x00000000000a0000-0x00000000000fffff] reserved
[    0.000000] reserve setup_data: [mem 0x0000000000100000-0x0000000009bfefff] usable
[    0.000000] reserve setup_data: [mem 0x0000000009bff000-0x0000000009ffffff] reserved
[    0.000000] reserve setup_data: [mem 0x000000000a000000-0x000000000a1fffff] usable
[    0.000000] reserve setup_data: [mem 0x000000000a200000-0x000000000a20cfff] ACPI NVS
[    0.000000] reserve setup_data: [mem 0x000000000a20d000-0x00000000c68d3017] usable
[    0.000000] reserve setup_data: [mem 0x00000000c68d3018-0x00000000c68e0457] usable
[    0.000000] reserve setup_data: [mem 0x00000000c68e0458-0x00000000c9ebafff] usable
[    0.000000] reserve setup_data: [mem 0x00000000c9ebb000-0x00000000cb3a2fff] reserved
[    0.000000] reserve setup_data: [mem 0x00000000cb3a3000-0x00000000cb3a3fff] ACPI data
[    0.000000] reserve setup_data: [mem 0x00000000cb3a4000-0x00000000cb3a4fff] reserved
[    0.000000] reserve setup_data: [mem 0x00000000cb3a5000-0x00000000cb3f0fff] ACPI data
[    0.000000] reserve setup_data: [mem 0x00000000cb3f1000-0x00000000cb597fff] ACPI NVS
[    0.000000] reserve setup_data: [mem 0x00000000cb598000-0x00000000cd1fefff] reserved
[    0.000000] reserve setup_data: [mem 0x00000000cd1ff000-0x00000000cdffffff] usable
[    0.000000] reserve setup_data: [mem 0x00000000ce000000-0x00000000cfffffff] reserved
[    0.000000] reserve setup_data: [mem 0x00000000f0000000-0x00000000f7ffffff] reserved
[    0.000000] reserve setup_data: [mem 0x00000000fd000000-0x00000000ffffffff] reserved
[    0.000000] reserve setup_data: [mem 0x0000000100000000-0x000000020f33ffff] usable
[    0.000000] reserve setup_data: [mem 0x000000020f340000-0x00000002501fffff] reserved
[    0.000000] efi: EFI v2.70 by American Megatrends
[    0.000000] efi: ACPI=0xcb3f0000 ACPI 2.0=0xcb3f0014 TPMFinalLog=0xcb552000 SMBIOS=0xcd028000 SMBIOS 3.0=0xcd027000 MEMATTR=0xc6b05118 ESRT=0xc696cd18 RNG=0xcd076e98 TPMEventLog=0xc6986018 
[    0.000000] efi: seeding entropy pool
[    0.000000] random: fast init done
[    0.000000] SMBIOS 3.2.0 present.
[    0.000000] DMI: Micro-Star International Co., Ltd. Modern 14 B4MW/MS-14DK, BIOS E14DKAMS.10F 09/22/2020
[    0.000000] tsc: Fast TSC calibration using PIT
[    0.000000] tsc: Detected 2370.573 MHz processor
[    0.000233] e820: remove [mem 0x000a0000-0x000fffff] usable
[    0.000238] last_pfn = 0x20f340 max_arch_pfn = 0x400000000
[    0.000242] MTRR default type: uncachable
[    0.000244] MTRR fixed ranges enabled:
[    0.000245]   00000-9FFFF write-back
[    0.000246]   A0000-DFFFF uncachable
[    0.000247]   E0000-FFFFF write-protect
[    0.000247] MTRR variable ranges enabled:
[    0.000248]   0 base 000000000000 mask FFFF80000000 write-back
[    0.000250]   1 base 000080000000 mask FFFFC0000000 write-back
[    0.000251]   2 base 0000C0000000 mask FFFFF0000000 write-back
[    0.000252]   3 disabled
[    0.000252]   4 disabled
[    0.000253]   5 disabled
[    0.000253]   6 disabled
[    0.000254]   7 disabled
[    0.000254] TOM2: 0000000230000000 aka 8960M
[    0.000596] x86/PAT: Configuration [0-7]: WB  WC  UC- UC  WB  WP  UC- WT  
[    0.000844] e820: update [mem 0xd0000000-0xffffffff] usable ==> reserved
[    0.000857] last_pfn = 0xce000 max_arch_pfn = 0x400000000
[    0.004663] esrt: Reserving ESRT space from 0x00000000c696cd18 to 0x00000000c696cd50.
[    0.004673] e820: update [mem 0xc696c000-0xc696cfff] usable ==> reserved
[    0.004713] check: Scanning 1 areas for low memory corruption
[    0.004717] Using GB pages for direct mapping
[    0.005080] Secure boot disabled
[    0.005082] RAMDISK: [mem 0x39c82000-0x3cc55fff]
[    0.005090] ACPI: Early table checksum verification disabled
[    0.005094] ACPI: RSDP 0x00000000CB3F0014 000024 (v02 MSI_NB)
[    0.005097] ACPI: XSDT 0x00000000CB3EF728 0000E4 (v01 MSI_NB MEGABOOK 01072009 AMI  01000013)
[    0.005102] ACPI: FACP 0x00000000CB3E4000 000114 (v06 MSI_NB MEGABOOK 01072009 AMI  00010013)
[    0.005107] ACPI: DSDT 0x00000000CB3D8000 00B780 (v02 MSI_NB MEGABOOK 01072009 INTL 20120913)
[    0.005109] ACPI: FACS 0x00000000CB550000 000040
[    0.005112] ACPI: MSDM 0x00000000CB3EE000 000055 (v03 MSI_NB A M I    01072009 AMI  01000013)
[    0.005114] ACPI: SSDT 0x00000000CB3E6000 007216 (v02 AMD    AmdTable 00000002 MSFT 04000000)
[    0.005117] ACPI: IVRS 0x00000000CB3E5000 0001A4 (v02 AMD    AmdTable 00000001 AMD  00000000)
[    0.005119] ACPI: FIDT 0x00000000CB3D7000 00009C (v01 MSI_NB MEGABOOK 01072009 AMI  00010013)
[    0.005121] ACPI: ECDT 0x00000000CB3D6000 0000C1 (v01 MSI_NB MEGABOOK 01072009 AMI. 00010013)
[    0.005124] ACPI: MCFG 0x00000000CB3D5000 00003C (v01 MSI_NB MEGABOOK 01072009 MSFT 00010013)
[    0.005126] ACPI: HPET 0x00000000CB3D4000 000038 (v01 MSI_NB MEGABOOK 01072009 AMI  00000005)
[    0.005128] ACPI: SSDT 0x00000000CB3D3000 000228 (v01 AMD    STD3     00000001 INTL 20120913)
[    0.005131] ACPI: VFCT 0x00000000CB3C5000 00D484 (v01 MSI_NB MEGABOOK 00000001 AMD  31504F47)
[    0.005133] ACPI: BGRT 0x00000000CB3C4000 000038 (v01 MSI_NB MEGABOOK 01072009 AMI  00010013)
[    0.005135] ACPI: TPM2 0x00000000CB3C3000 00004C (v04 MSI_NB MEGABOOK 00000001 AMI  00000000)
[    0.005138] ACPI: SSDT 0x00000000CB3C1000 001500 (v01 AMD    AmdTable 00000001 AMD  00000001)
[    0.005140] ACPI: CRAT 0x00000000CB3C0000 000BA8 (v01 AMD    AmdTable 00000001 AMD  00000001)
[    0.005142] ACPI: CDIT 0x00000000CB3BF000 000029 (v01 AMD    AmdTable 00000001 AMD  00000001)
[    0.005144] ACPI: SSDT 0x00000000CB3BE000 00028D (v01 AMD    AmdTable 00000001 INTL 20120913)
[    0.005147] ACPI: SSDT 0x00000000CB3BD000 000C78 (v01 AMD    AmdTable 00000001 INTL 20120913)
[    0.005149] ACPI: SSDT 0x00000000CB3BB000 0010AC (v01 AMD    AmdTable 00000001 INTL 20120913)
[    0.005151] ACPI: SSDT 0x00000000CB3B7000 0030C8 (v01 AMD    AmdTable 00000001 INTL 20120913)
[    0.005154] ACPI: WSMT 0x00000000CB3B6000 000028 (v01 MSI_NB MEGABOOK 01072009 AMI  00010013)
[    0.005156] ACPI: APIC 0x00000000CB3B5000 0000DE (v03 MSI_NB MEGABOOK 01072009 AMI  00010013)
[    0.005158] ACPI: SSDT 0x00000000CB3B4000 00007D (v01 AMD    AmdTable 00000001 INTL 20120913)
[    0.005161] ACPI: SSDT 0x00000000CB3B3000 000517 (v01 AMD    AmdTable 00000001 INTL 20120913)
[    0.005163] ACPI: FPDT 0x00000000CB3B2000 000044 (v01 MSI_NB A M I    01072009 AMI  01000013)
[    0.005170] ACPI: Local APIC address 0xfee00000
[    0.005221] No NUMA configuration found
[    0.005222] Faking a node at [mem 0x0000000000000000-0x000000020f33ffff]
[    0.005229] NODE_DATA(0) allocated [mem 0x20f316000-0x20f33ffff]
[    0.005475] Zone ranges:
[    0.005476]   DMA      [mem 0x0000000000000000-0x0000000000ffffff]
[    0.005477]   DMA32    [mem 0x0000000001000000-0x00000000ffffffff]
[    0.005478]   Normal   [mem 0x0000000100000000-0x000000020f33ffff]
[    0.005479]   Device   empty
[    0.005480] Movable zone start for each node
[    0.005482] Early memory node ranges
[    0.005482]   node   0: [mem 0x0000000000000000-0x000000000009ffff]
[    0.005483]   node   0: [mem 0x0000000000100000-0x0000000009bfefff]
[    0.005484]   node   0: [mem 0x000000000a000000-0x000000000a1fffff]
[    0.005485]   node   0: [mem 0x000000000a20d000-0x00000000c9ebafff]
[    0.005486]   node   0: [mem 0x00000000cd1ff000-0x00000000cdffffff]
[    0.005486]   node   0: [mem 0x0000000100000000-0x000000020f33ffff]
[    0.005631] Zeroed struct page in unavailable ranges: 25714 pages
[    0.005633] Initmem setup node 0 [mem 0x0000000000000000-0x000000020f33ffff]
[    0.005634] On node 0 totalpages: 1940366
[    0.005635]   DMA zone: 64 pages used for memmap
[    0.005636]   DMA zone: 26 pages reserved
[    0.005636]   DMA zone: 4000 pages, LIFO batch:0
[    0.005658]   DMA32 zone: 12899 pages used for memmap
[    0.005659]   DMA32 zone: 825518 pages, LIFO batch:63
[    0.013904]   Normal zone: 17357 pages used for memmap
[    0.013909]   Normal zone: 1110848 pages, LIFO batch:63
[    0.025485] ACPI: PM-Timer IO Port: 0x808
[    0.025492] ACPI: Local APIC address 0xfee00000
[    0.025499] ACPI: LAPIC_NMI (acpi_id[0xff] high edge lint[0x1])
[    0.025511] IOAPIC[0]: apic_id 7, version 33, address 0xfec00000, GSI 0-23
[    0.025517] IOAPIC[1]: apic_id 8, version 33, address 0xfec01000, GSI 24-55
[    0.025518] ACPI: INT_SRC_OVR (bus 0 bus_irq 0 global_irq 2 dfl dfl)
[    0.025520] ACPI: INT_SRC_OVR (bus 0 bus_irq 9 global_irq 9 low level)
[    0.025521] ACPI: IRQ0 used by override.
[    0.025522] ACPI: IRQ9 used by override.
[    0.025523] Using ACPI (MADT) for SMP configuration information
[    0.025525] ACPI: HPET id: 0x10228201 base: 0xfed00000
[    0.025539] e820: update [mem 0xc67aa000-0xc689dfff] usable ==> reserved
[    0.025549] smpboot: Allowing 16 CPUs, 10 hotplug CPUs
[    0.025570] PM: hibernation: Registered nosave memory: [mem 0x000a0000-0x000fffff]
[    0.025572] PM: hibernation: Registered nosave memory: [mem 0x09bff000-0x09ffffff]
[    0.025573] PM: hibernation: Registered nosave memory: [mem 0x0a200000-0x0a20cfff]
[    0.025575] PM: hibernation: Registered nosave memory: [mem 0xc67aa000-0xc689dfff]
[    0.025577] PM: hibernation: Registered nosave memory: [mem 0xc68d3000-0xc68d3fff]
[    0.025578] PM: hibernation: Registered nosave memory: [mem 0xc68e0000-0xc68e0fff]
[    0.025580] PM: hibernation: Registered nosave memory: [mem 0xc696c000-0xc696cfff]
[    0.025581] PM: hibernation: Registered nosave memory: [mem 0xc9ebb000-0xcb3a2fff]
[    0.025582] PM: hibernation: Registered nosave memory: [mem 0xcb3a3000-0xcb3a3fff]
[    0.025582] PM: hibernation: Registered nosave memory: [mem 0xcb3a4000-0xcb3a4fff]
[    0.025583] PM: hibernation: Registered nosave memory: [mem 0xcb3a5000-0xcb3f0fff]
[    0.025584] PM: hibernation: Registered nosave memory: [mem 0xcb3f1000-0xcb597fff]
[    0.025584] PM: hibernation: Registered nosave memory: [mem 0xcb598000-0xcd1fefff]
[    0.025585] PM: hibernation: Registered nosave memory: [mem 0xce000000-0xcfffffff]
[    0.025586] PM: hibernation: Registered nosave memory: [mem 0xd0000000-0xefffffff]
[    0.025587] PM: hibernation: Registered nosave memory: [mem 0xf0000000-0xf7ffffff]
[    0.025587] PM: hibernation: Registered nosave memory: [mem 0xf8000000-0xfcffffff]
[    0.025588] PM: hibernation: Registered nosave memory: [mem 0xfd000000-0xffffffff]
[    0.025590] [mem 0xd0000000-0xefffffff] available for PCI devices
[    0.025592] Booting paravirtualized kernel on bare hardware
[    0.025595] clocksource: refined-jiffies: mask: 0xffffffff max_cycles: 0xffffffff, max_idle_ns: 7645519600211568 ns
[    0.025604] setup_percpu: NR_CPUS:8192 nr_cpumask_bits:16 nr_cpu_ids:16 nr_node_ids:1
[    0.026504] percpu: Embedded 56 pages/cpu s192512 r8192 d28672 u262144
[    0.026513] pcpu-alloc: s192512 r8192 d28672 u262144 alloc=1*2097152
[    0.026516] pcpu-alloc: [0] 00 01 02 03 04 05 06 07 [0] 08 09 10 11 12 13 14 15 
[    0.026549] Built 1 zonelists, mobility grouping on.  Total pages: 1910020
[    0.026550] Policy zone: Normal
[    0.026552] Kernel command line: BOOT_IMAGE=/boot/vmlinuz-5.11.0-051100rc6-generic root=UUID=34f086cc-1c78-4f3f-89c2-33baa91b5741 ro quiet splash vt.handoff=7
[    0.027980] Dentry cache hash table entries: 1048576 (order: 11, 8388608 bytes, linear)
[    0.028651] Inode-cache hash table entries: 524288 (order: 10, 4194304 bytes, linear)
[    0.028709] mem auto-init: stack:off, heap alloc:on, heap free:off
[    0.061177] Memory: 7416992K/7761464K available (16393K kernel code, 3475K rwdata, 9080K rodata, 2676K init, 5988K bss, 344212K reserved, 0K cma-reserved)
[    0.061188] random: get_random_u64 called from kmem_cache_open+0x27/0x230 with crng_init=1
[    0.061316] SLUB: HWalign=64, Order=0-3, MinObjects=0, CPUs=16, Nodes=1
[    0.061333] ftrace: allocating 51083 entries in 200 pages
[    0.075713] ftrace: allocated 200 pages with 3 groups
[    0.075868] rcu: Hierarchical RCU implementation.
[    0.075869] rcu: 	RCU restricting CPUs from NR_CPUS=8192 to nr_cpu_ids=16.
[    0.075870] 	Rude variant of Tasks RCU enabled.
[    0.075871] 	Tracing variant of Tasks RCU enabled.
[    0.075871] rcu: RCU calculated value of scheduler-enlistment delay is 25 jiffies.
[    0.075872] rcu: Adjusting geometry for rcu_fanout_leaf=16, nr_cpu_ids=16
[    0.078510] NR_IRQS: 524544, nr_irqs: 1096, preallocated irqs: 16
[    0.078867] random: crng done (trusting CPU's manufacturer)
[    0.078894] Console: colour dummy device 80x25
[    0.078905] printk: console [tty0] enabled
[    0.078929] ACPI: Core revision 20201113
[    0.079093] clocksource: hpet: mask: 0xffffffff max_cycles: 0xffffffff, max_idle_ns: 133484873504 ns
[    0.079112] APIC: Switch to symmetric I/O mode setup
[    0.079956] AMD-Vi: ivrs, add hid:AMDI0020, uid:\_SB.FUR0, rdevid:160
[    0.079958] AMD-Vi: ivrs, add hid:AMDI0020, uid:\_SB.FUR1, rdevid:160
[    0.079958] AMD-Vi: ivrs, add hid:AMDI0020, uid:\_SB.FUR2, rdevid:160
[    0.079959] AMD-Vi: ivrs, add hid:AMDI0020, uid:\_SB.FUR3, rdevid:160
[    0.080270] Switched APIC routing to physical flat.
[    0.080863] ..TIMER: vector=0x30 apic1=0 pin1=2 apic2=-1 pin2=-1
[    0.099114] clocksource: tsc-early: mask: 0xffffffffffffffff max_cycles: 0x222ba0ca13e, max_idle_ns: 440795218518 ns
[    0.099122] Calibrating delay loop (skipped), value calculated using timer frequency.. 4741.14 BogoMIPS (lpj=9482292)
[    0.099124] pid_max: default: 32768 minimum: 301
[    0.100990] LSM: Security Framework initializing
[    0.101010] Yama: becoming mindful.
[    0.101053] AppArmor: AppArmor initialized
[    0.101122] Mount-cache hash table entries: 16384 (order: 5, 131072 bytes, linear)
[    0.101155] Mountpoint-cache hash table entries: 16384 (order: 5, 131072 bytes, linear)
[    0.101484] x86/cpu: User Mode Instruction Prevention (UMIP) activated
[    0.101548] LVT offset 1 assigned for vector 0xf9
[    0.101649] LVT offset 2 assigned for vector 0xf4
[    0.101673] Last level iTLB entries: 4KB 1024, 2MB 1024, 4MB 512
[    0.101674] Last level dTLB entries: 4KB 2048, 2MB 2048, 4MB 1024, 1GB 0
[    0.101679] Spectre V1 : Mitigation: usercopy/swapgs barriers and __user pointer sanitization
[    0.101681] Spectre V2 : Mitigation: Full AMD retpoline
[    0.101682] Spectre V2 : Spectre v2 / SpectreRSB mitigation: Filling RSB on context switch
[    0.101683] Spectre V2 : Enabling Restricted Speculation for firmware calls
[    0.101684] Spectre V2 : mitigation: Enabling conditional Indirect Branch Prediction Barrier
[    0.101685] Speculative Store Bypass: Mitigation: Speculative Store Bypass disabled via prctl and seccomp
[    0.101976] Freeing SMP alternatives memory: 40K
[    0.213763] smpboot: CPU0: AMD Ryzen 5 4500U with Radeon Graphics (family: 0x17, model: 0x60, stepping: 0x1)
[    0.213946] Performance Events: Fam17h+ core perfctr, AMD PMU driver.
[    0.213954] ... version:                0
[    0.213955] ... bit width:              48
[    0.213955] ... generic registers:      6
[    0.213956] ... value mask:             0000ffffffffffff
[    0.213956] ... max period:             00007fffffffffff
[    0.213957] ... fixed-purpose events:   0
[    0.213957] ... event mask:             000000000000003f
[    0.214023] rcu: Hierarchical SRCU implementation.
[    0.214442] NMI watchdog: Enabled. Permanently consumes one hw-PMU counter.
[    0.214654] smp: Bringing up secondary CPUs ...
[    0.214760] x86: Booting SMP configuration:
[    0.214761] .... node  #0, CPUs:        #1  #2  #3
[    0.217529] TSC synchronization [CPU#0 -> CPU#3]:
[    0.217530] Measured 3539 cycles TSC warp between CPUs, turning off TSC clock.
[    0.217532] tsc: Marking TSC unstable due to check_tsc_sync_source failed
[    0.219214]   #4  #5
[    0.219504] smp: Brought up 1 node, 6 CPUs
[    0.219504] smpboot: Max logical packages: 3
[    0.219504] smpboot: Total of 6 processors activated (28446.87 BogoMIPS)
[    0.219854] devtmpfs: initialized
[    0.219854] x86/mm: Memory block size: 128MB
[    0.219854] PM: Registering ACPI NVS region [mem 0x0a200000-0x0a20cfff] (53248 bytes)
[    0.219854] PM: Registering ACPI NVS region [mem 0xcb3f1000-0xcb597fff] (1732608 bytes)
[    0.219854] clocksource: jiffies: mask: 0xffffffff max_cycles: 0xffffffff, max_idle_ns: 7645041785100000 ns
[    0.219854] futex hash table entries: 4096 (order: 6, 262144 bytes, linear)
[    0.219854] pinctrl core: initialized pinctrl subsystem
[    0.219854] PM: RTC time: 09:24:07, date: 2021-02-07
[    0.219854] NET: Registered protocol family 16
[    0.219854] DMA: preallocated 1024 KiB GFP_KERNEL pool for atomic allocations
[    0.219854] DMA: preallocated 1024 KiB GFP_KERNEL|GFP_DMA pool for atomic allocations
[    0.219962] DMA: preallocated 1024 KiB GFP_KERNEL|GFP_DMA32 pool for atomic allocations
[    0.223130] audit: initializing netlink subsys (disabled)
[    0.223172] audit: type=2000 audit(1612689847.144:1): state=initialized audit_enabled=0 res=1
[    0.223224] thermal_sys: Registered thermal governor 'fair_share'
[    0.223226] thermal_sys: Registered thermal governor 'bang_bang'
[    0.223227] thermal_sys: Registered thermal governor 'step_wise'
[    0.223228] thermal_sys: Registered thermal governor 'user_space'
[    0.223228] thermal_sys: Registered thermal governor 'power_allocator'
[    0.223232] EISA bus registered
[    0.223241] cpuidle: using governor ladder
[    0.223244] cpuidle: using governor menu
[    0.223265] ACPI: bus type PCI registered
[    0.223265] acpiphp: ACPI Hot Plug PCI Controller Driver version: 0.5
[    0.223265] PCI: MMCONFIG for domain 0000 [bus 00-7f] at [mem 0xf0000000-0xf7ffffff] (base 0xf0000000)
[    0.223265] PCI: MMCONFIG at [mem 0xf0000000-0xf7ffffff] reserved in E820
[    0.223265] PCI: Using configuration type 1 for base access
[    0.224240] HugeTLB registered 1.00 GiB page size, pre-allocated 0 pages
[    0.224240] HugeTLB registered 2.00 MiB page size, pre-allocated 0 pages
[    0.227194] ACPI: Added _OSI(Module Device)
[    0.227195] ACPI: Added _OSI(Processor Device)
[    0.227196] ACPI: Added _OSI(3.0 _SCP Extensions)
[    0.227196] ACPI: Added _OSI(Processor Aggregator Device)
[    0.227197] ACPI: Added _OSI(Linux-Dell-Video)
[    0.227198] ACPI: Added _OSI(Linux-Lenovo-NV-HDMI-Audio)
[    0.227198] ACPI: Added _OSI(Linux-HPI-Hybrid-Graphics)
[    0.237731] ACPI BIOS Error (bug): Failure creating named object [\SMIB], AE_ALREADY_EXISTS (20201113/dsfield-637)
[    0.237743] fbcon: Taking over console
[    0.237746] ACPI Warning: NsLookup: Type mismatch on SMIB (Integer), searching for (RegionField) (20201113/nsaccess-697)
[    0.238552] ACPI BIOS Error (bug): Could not resolve symbol [\_SB.PCI0.SBRG.EC0], AE_NOT_FOUND (20201113/dswload2-162)
[    0.238557] ACPI Error: AE_NOT_FOUND, During name lookup/catalog (20201113/psobject-220)
[    0.238559] ACPI: Skipping parse of AML opcode: Scope (0x0010)
[    0.239721] ACPI: 10 ACPI AML tables successfully acquired and loaded
[    0.240341] ACPI: EC: EC started
[    0.240341] ACPI: EC: interrupt blocked
[    0.241710] ACPI: EC: EC_CMD/EC_SC=0x66, EC_DATA=0x62
[    0.241711] ACPI: EC: Boot ECDT EC used to handle transactions
[    0.242208] ACPI: [Firmware Bug]: BIOS _OSI(Linux) query ignored
[    0.244168] ACPI: Interpreter enabled
[    0.244181] ACPI: (supports S0 S3 S4 S5)
[    0.244182] ACPI: Using IOAPIC for interrupt routing
[    0.244373] PCI: Using host bridge windows from ACPI; if necessary, use "pci=nocrs" and report a bug
[    0.244784] ACPI: Enabled 5 GPEs in block 00 to 1F
[    0.245643] ACPI: Power Resource [WRST] (on)
[    0.245663] ACPI: Power Resource [DRST] (on)
[    0.246716] ACPI: Power Resource [P0S0] (on)
[    0.246736] ACPI: Power Resource [P3S0] (on)
[    0.246808] ACPI: Power Resource [P0S1] (on)
[    0.246827] ACPI: Power Resource [P3S1] (on)
[    0.252880] ACPI: PCI Root Bridge [PCI0] (domain 0000 [bus 00-ff])
[    0.252886] acpi PNP0A08:00: _OSC: OS supports [ExtendedConfig ASPM ClockPM Segments MSI HPX-Type3]
[    0.253032] acpi PNP0A08:00: _OSC: platform does not support [SHPCHotplug LTR]
[    0.253169] acpi PNP0A08:00: _OSC: OS now controls [PCIeHotplug PME AER PCIeCapability]
[    0.253178] acpi PNP0A08:00: [Firmware Info]: MMCONFIG for domain 0000 [bus 00-7f] only partially covers this bridge
[    0.253454] PCI host bridge to bus 0000:00
[    0.253455] pci_bus 0000:00: root bus resource [io  0x0000-0x03af window]
[    0.253456] pci_bus 0000:00: root bus resource [io  0x03e0-0x0cf7 window]
[    0.253457] pci_bus 0000:00: root bus resource [io  0x03b0-0x03df window]
[    0.253458] pci_bus 0000:00: root bus resource [io  0x0d00-0xffff window]
[    0.253459] pci_bus 0000:00: root bus resource [mem 0x000a0000-0x000bffff window]
[    0.253460] pci_bus 0000:00: root bus resource [mem 0x000c0000-0x000dffff window]
[    0.253461] pci_bus 0000:00: root bus resource [mem 0xd0000000-0xfebfffff window]
[    0.253462] pci_bus 0000:00: root bus resource [mem 0xfee00000-0xffffffff window]
[    0.253463] pci_bus 0000:00: root bus resource [bus 00-ff]
[    0.253473] pci 0000:00:00.0: [1022:1630] type 00 class 0x060000
[    0.253557] pci 0000:00:00.2: [1022:1631] type 00 class 0x080600
[    0.253642] pci 0000:00:01.0: [1022:1632] type 00 class 0x060000
[    0.253715] pci 0000:00:02.0: [1022:1632] type 00 class 0x060000
[    0.253787] pci 0000:00:02.1: [1022:1634] type 01 class 0x060400
[    0.253905] pci 0000:00:02.1: PME# supported from D0 D3hot D3cold
[    0.254042] pci 0000:00:02.5: [1022:1634] type 01 class 0x060400
[    0.254086] pci 0000:00:02.5: enabling Extended Tags
[    0.254170] pci 0000:00:02.5: PME# supported from D0 D3hot D3cold
[    0.254280] pci 0000:00:08.0: [1022:1632] type 00 class 0x060000
[    0.254338] pci 0000:00:08.1: [1022:1635] type 01 class 0x060400
[    0.254358] pci 0000:00:08.1: enabling Extended Tags
[    0.254387] pci 0000:00:08.1: PME# supported from D0 D3hot D3cold
[    0.254457] pci 0000:00:08.2: [1022:1635] type 01 class 0x060400
[    0.254476] pci 0000:00:08.2: enabling Extended Tags
[    0.254505] pci 0000:00:08.2: PME# supported from D0 D3hot D3cold
[    0.254591] pci 0000:00:14.0: [1022:790b] type 00 class 0x0c0500
[    0.254709] pci 0000:00:14.3: [1022:790e] type 00 class 0x060100
[    0.254831] pci 0000:00:18.0: [1022:1448] type 00 class 0x060000
[    0.254871] pci 0000:00:18.1: [1022:1449] type 00 class 0x060000
[    0.254909] pci 0000:00:18.2: [1022:144a] type 00 class 0x060000
[    0.254946] pci 0000:00:18.3: [1022:144b] type 00 class 0x060000
[    0.254984] pci 0000:00:18.4: [1022:144c] type 00 class 0x060000
[    0.255023] pci 0000:00:18.5: [1022:144d] type 00 class 0x060000
[    0.255061] pci 0000:00:18.6: [1022:144e] type 00 class 0x060000
[    0.255098] pci 0000:00:18.7: [1022:144f] type 00 class 0x060000
[    0.255471] pci 0000:01:00.0: [2646:500c] type 00 class 0x010802
[    0.255514] pci 0000:01:00.0: reg 0x10: [mem 0xfea00000-0xfea03fff 64bit]
[    0.256221] pci 0000:00:02.1: PCI bridge to [bus 01]
[    0.256225] pci 0000:00:02.1:   bridge window [mem 0xfea00000-0xfeafffff]
[    0.256684] pci 0000:02:00.0: [10ec:c822] type 00 class 0x028000
[    0.256701] pci 0000:02:00.0: reg 0x10: [io  0xf000-0xf0ff]
[    0.256724] pci 0000:02:00.0: reg 0x18: [mem 0xfe900000-0xfe90ffff 64bit]
[    0.256839] pci 0000:02:00.0: supports D1 D2
[    0.256840] pci 0000:02:00.0: PME# supported from D0 D1 D2 D3hot D3cold
[    0.256971] pci 0000:00:02.5: PCI bridge to [bus 02]
[    0.256974] pci 0000:00:02.5:   bridge window [io  0xf000-0xffff]
[    0.256976] pci 0000:00:02.5:   bridge window [mem 0xfe900000-0xfe9fffff]
[    0.257052] pci 0000:03:00.0: [1002:1636] type 00 class 0x030000
[    0.257063] pci 0000:03:00.0: reg 0x10: [mem 0xd0000000-0xdfffffff 64bit pref]
[    0.257069] pci 0000:03:00.0: reg 0x18: [mem 0xe0000000-0xe01fffff 64bit pref]
[    0.257074] pci 0000:03:00.0: reg 0x20: [io  0xe000-0xe0ff]
[    0.257079] pci 0000:03:00.0: reg 0x24: [mem 0xfe700000-0xfe77ffff]
[    0.257087] pci 0000:03:00.0: enabling Extended Tags
[    0.257097] pci 0000:03:00.0: BAR 0: assigned to efifb
[    0.257136] pci 0000:03:00.0: PME# supported from D1 D2 D3hot D3cold
[    0.257208] pci 0000:03:00.1: [1002:1637] type 00 class 0x040300
[    0.257215] pci 0000:03:00.1: reg 0x10: [mem 0xfe7c8000-0xfe7cbfff]
[    0.257234] pci 0000:03:00.1: enabling Extended Tags
[    0.257260] pci 0000:03:00.1: PME# supported from D1 D2 D3hot D3cold
[    0.257308] pci 0000:03:00.2: [1022:15df] type 00 class 0x108000
[    0.257320] pci 0000:03:00.2: reg 0x18: [mem 0xfe600000-0xfe6fffff]
[    0.257328] pci 0000:03:00.2: reg 0x24: [mem 0xfe7cc000-0xfe7cdfff]
[    0.257335] pci 0000:03:00.2: enabling Extended Tags
[    0.257416] pci 0000:03:00.3: [1022:1639] type 00 class 0x0c0330
[    0.257426] pci 0000:03:00.3: reg 0x10: [mem 0xfe500000-0xfe5fffff 64bit]
[    0.257448] pci 0000:03:00.3: enabling Extended Tags
[    0.257476] pci 0000:03:00.3: PME# supported from D0 D3hot D3cold
[    0.257527] pci 0000:03:00.4: [1022:1639] type 00 class 0x0c0330
[    0.257537] pci 0000:03:00.4: reg 0x10: [mem 0xfe400000-0xfe4fffff 64bit]
[    0.257559] pci 0000:03:00.4: enabling Extended Tags
[    0.257587] pci 0000:03:00.4: PME# supported from D0 D3hot D3cold
[    0.257635] pci 0000:03:00.5: [1022:15e2] type 00 class 0x048000
[    0.257642] pci 0000:03:00.5: reg 0x10: [mem 0xfe780000-0xfe7bffff]
[    0.257661] pci 0000:03:00.5: enabling Extended Tags
[    0.257687] pci 0000:03:00.5: PME# supported from D0 D3hot D3cold
[    0.257741] pci 0000:03:00.6: [1022:15e3] type 00 class 0x040300
[    0.257748] pci 0000:03:00.6: reg 0x10: [mem 0xfe7c0000-0xfe7c7fff]
[    0.257768] pci 0000:03:00.6: enabling Extended Tags
[    0.257794] pci 0000:03:00.6: PME# supported from D0 D3hot D3cold
[    0.257855] pci 0000:00:08.1: PCI bridge to [bus 03]
[    0.257857] pci 0000:00:08.1:   bridge window [io  0xe000-0xefff]
[    0.257859] pci 0000:00:08.1:   bridge window [mem 0xfe400000-0xfe7fffff]
[    0.257861] pci 0000:00:08.1:   bridge window [mem 0xd0000000-0xe01fffff 64bit pref]
[    0.257900] pci 0000:04:00.0: [1022:7901] type 00 class 0x010601
[    0.257926] pci 0000:04:00.0: reg 0x24: [mem 0xfe800000-0xfe8007ff]
[    0.257933] pci 0000:04:00.0: enabling Extended Tags
[    0.258030] pci 0000:00:08.2: PCI bridge to [bus 04]
[    0.258034] pci 0000:00:08.2:   bridge window [mem 0xfe800000-0xfe8fffff]
[    0.258774] ACPI: PCI Interrupt Link [LNKA] (IRQs 4 5 7 10 11 14 15) *0
[    0.258823] ACPI: PCI Interrupt Link [LNKB] (IRQs 4 5 7 10 11 14 15) *0
[    0.258866] ACPI: PCI Interrupt Link [LNKC] (IRQs 4 5 7 10 11 14 15) *0
[    0.258917] ACPI: PCI Interrupt Link [LNKD] (IRQs 4 5 7 10 11 14 15) *0
[    0.258962] ACPI: PCI Interrupt Link [LNKE] (IRQs 4 5 7 10 11 14 15) *0
[    0.259001] ACPI: PCI Interrupt Link [LNKF] (IRQs 4 5 7 10 11 14 15) *0
[    0.259039] ACPI: PCI Interrupt Link [LNKG] (IRQs 4 5 7 10 11 14 15) *0
[    0.259077] ACPI: PCI Interrupt Link [LNKH] (IRQs 4 5 7 10 11 14 15) *0
[    0.260874] ACPI: EC: interrupt unblocked
[    0.260875] ACPI: EC: event unblocked
[    0.260879] ACPI: EC: EC_CMD/EC_SC=0x66, EC_DATA=0x62
[    0.260880] ACPI: EC: GPE=0x0
[    0.260881] ACPI: \_SB_.PCI0.SBRG.EC__: Boot ECDT EC initialization complete
[    0.260882] ACPI: \_SB_.PCI0.SBRG.EC__: EC: Used to handle transactions and events
[    0.260928] iommu: Default domain type: Translated 
[    0.260928] pci 0000:03:00.0: vgaarb: VGA device added: decodes=io+mem,owns=none,locks=none
[    0.260928] pci 0000:03:00.0: vgaarb: bridge control possible
[    0.260928] pci 0000:03:00.0: vgaarb: setting as boot device
[    0.260928] vgaarb: loaded
[    0.260928] SCSI subsystem initialized
[    0.260928] libata version 3.00 loaded.
[    0.260928] ACPI: bus type USB registered
[    0.260928] usbcore: registered new interface driver usbfs
[    0.260928] usbcore: registered new interface driver hub
[    0.260928] usbcore: registered new device driver usb
[    0.279099] pps_core: LinuxPPS API ver. 1 registered
[    0.279120] pps_core: Software ver. 5.3.6 - Copyright 2005-2007 Rodolfo Giometti <giometti@linux.it>
[    0.279122] PTP clock support registered
[    0.279141] EDAC MC: Ver: 3.0.0
[    0.279827] Registered efivars operations
[    0.279827] NetLabel: Initializing
[    0.279827] NetLabel:  domain hash size = 128
[    0.279827] NetLabel:  protocols = UNLABELED CIPSOv4 CALIPSO
[    0.279827] NetLabel:  unlabeled traffic allowed by default
[    0.279827] PCI: Using ACPI for IRQ routing
[    0.284471] PCI: pci_cache_line_size set to 64 bytes
[    0.285762] Expanded resource Reserved due to conflict with PCI Bus 0000:00
[    0.285764] e820: reserve RAM buffer [mem 0x09bff000-0x0bffffff]
[    0.285766] e820: reserve RAM buffer [mem 0x0a200000-0x0bffffff]
[    0.285766] e820: reserve RAM buffer [mem 0xc67aa000-0xc7ffffff]
[    0.285767] e820: reserve RAM buffer [mem 0xc68d3018-0xc7ffffff]
[    0.285768] e820: reserve RAM buffer [mem 0xc696c000-0xc7ffffff]
[    0.285769] e820: reserve RAM buffer [mem 0xc9ebb000-0xcbffffff]
[    0.285769] e820: reserve RAM buffer [mem 0xce000000-0xcfffffff]
[    0.285770] e820: reserve RAM buffer [mem 0x20f340000-0x20fffffff]
[    0.285775] hpet0: at MMIO 0xfed00000, IRQs 2, 8, 0
[    0.285775] hpet0: 3 comparators, 32-bit 14.318180 MHz counter
[    0.287343] clocksource: Switched to clocksource hpet
[    0.294799] VFS: Disk quotas dquot_6.6.0
[    0.294829] VFS: Dquot-cache hash table entries: 512 (order 0, 4096 bytes)
[    0.294942] AppArmor: AppArmor Filesystem Enabled
[    0.294981] pnp: PnP ACPI init
[    0.295158] system 00:00: [mem 0xf0000000-0xf7ffffff] has been reserved
[    0.295166] system 00:00: Plug and Play ACPI device, IDs PNP0c01 (active)
[    0.295260] pnp 00:01: Plug and Play ACPI device, IDs PNP0b00 (active)
[    0.307288] pnp 00:02: Plug and Play ACPI device, IDs MSI0007 PNP0303 (active)
[    0.307367] pnp 00:03: Plug and Play ACPI device, IDs ETD0314 PNP0f13 (active)
[    0.307840] system 00:04: [io  0x04d0-0x04d1] has been reserved
[    0.307845] system 00:04: [io  0x040b] has been reserved
[    0.307848] system 00:04: [io  0x04d6] has been reserved
[    0.307850] system 00:04: [io  0x0c00-0x0c01] has been reserved
[    0.307853] system 00:04: [io  0x0c14] has been reserved
[    0.307855] system 00:04: [io  0x0c50-0x0c51] has been reserved
[    0.307858] system 00:04: [io  0x0c52] has been reserved
[    0.307860] system 00:04: [io  0x0c6c] has been reserved
[    0.307863] system 00:04: [io  0x0c6f] has been reserved
[    0.307865] system 00:04: [io  0x0cd0-0x0cd1] has been reserved
[    0.307868] system 00:04: [io  0x0cd2-0x0cd3] has been reserved
[    0.307870] system 00:04: [io  0x0cd4-0x0cd5] has been reserved
[    0.307873] system 00:04: [io  0x0cd6-0x0cd7] has been reserved
[    0.307875] system 00:04: [io  0x0cd8-0x0cdf] has been reserved
[    0.307878] system 00:04: [io  0x0800-0x089f] has been reserved
[    0.307880] system 00:04: [io  0x0b00-0x0b0f] has been reserved
[    0.307883] system 00:04: [io  0x0b20-0x0b3f] has been reserved
[    0.307885] system 00:04: [io  0x0900-0x090f] has been reserved
[    0.307888] system 00:04: [io  0x0910-0x091f] has been reserved
[    0.307891] system 00:04: [mem 0xfec00000-0xfec00fff] could not be reserved
[    0.307895] system 00:04: [mem 0xfec01000-0xfec01fff] could not be reserved
[    0.307898] system 00:04: [mem 0xfedc0000-0xfedc0fff] has been reserved
[    0.307901] system 00:04: [mem 0xfee00000-0xfee00fff] has been reserved
[    0.307904] system 00:04: [mem 0xfed80000-0xfed8ffff] could not be reserved
[    0.307907] system 00:04: [mem 0xfec10000-0xfec10fff] has been reserved
[    0.307910] system 00:04: [mem 0xff000000-0xffffffff] has been reserved
[    0.307917] system 00:04: Plug and Play ACPI device, IDs PNP0c02 (active)
[    0.309351] pnp: PnP ACPI: found 5 devices
[    0.317499] clocksource: acpi_pm: mask: 0xffffff max_cycles: 0xffffff, max_idle_ns: 2085701024 ns
[    0.317623] NET: Registered protocol family 2
[    0.317990] tcp_listen_portaddr_hash hash table entries: 4096 (order: 4, 65536 bytes, linear)
[    0.318140] TCP established hash table entries: 65536 (order: 7, 524288 bytes, linear)
[    0.318538] TCP bind hash table entries: 65536 (order: 8, 1048576 bytes, linear)
[    0.318703] TCP: Hash tables configured (established 65536 bind 65536)
[    0.318820] MPTCP token hash table entries: 8192 (order: 5, 196608 bytes, linear)
[    0.318870] UDP hash table entries: 4096 (order: 5, 131072 bytes, linear)
[    0.318907] UDP-Lite hash table entries: 4096 (order: 5, 131072 bytes, linear)
[    0.318968] NET: Registered protocol family 1
[    0.318974] NET: Registered protocol family 44
[    0.318993] pci 0000:00:02.1: PCI bridge to [bus 01]
[    0.319005] pci 0000:00:02.1:   bridge window [mem 0xfea00000-0xfeafffff]
[    0.319022] pci 0000:00:02.5: PCI bridge to [bus 02]
[    0.319033] pci 0000:00:02.5:   bridge window [io  0xf000-0xffff]
[    0.319047] pci 0000:00:02.5:   bridge window [mem 0xfe900000-0xfe9fffff]
[    0.319065] pci 0000:00:08.1: PCI bridge to [bus 03]
[    0.319066] pci 0000:00:08.1:   bridge window [io  0xe000-0xefff]
[    0.319069] pci 0000:00:08.1:   bridge window [mem 0xfe400000-0xfe7fffff]
[    0.319071] pci 0000:00:08.1:   bridge window [mem 0xd0000000-0xe01fffff 64bit pref]
[    0.319075] pci 0000:00:08.2: PCI bridge to [bus 04]
[    0.319077] pci 0000:00:08.2:   bridge window [mem 0xfe800000-0xfe8fffff]
[    0.319083] pci_bus 0000:00: resource 4 [io  0x0000-0x03af window]
[    0.319084] pci_bus 0000:00: resource 5 [io  0x03e0-0x0cf7 window]
[    0.319085] pci_bus 0000:00: resource 6 [io  0x03b0-0x03df window]
[    0.319086] pci_bus 0000:00: resource 7 [io  0x0d00-0xffff window]
[    0.319087] pci_bus 0000:00: resource 8 [mem 0x000a0000-0x000bffff window]
[    0.319088] pci_bus 0000:00: resource 9 [mem 0x000c0000-0x000dffff window]
[    0.319089] pci_bus 0000:00: resource 10 [mem 0xd0000000-0xfebfffff window]
[    0.319090] pci_bus 0000:00: resource 11 [mem 0xfee00000-0xffffffff window]
[    0.319092] pci_bus 0000:01: resource 1 [mem 0xfea00000-0xfeafffff]
[    0.319093] pci_bus 0000:02: resource 0 [io  0xf000-0xffff]
[    0.319094] pci_bus 0000:02: resource 1 [mem 0xfe900000-0xfe9fffff]
[    0.319095] pci_bus 0000:03: resource 0 [io  0xe000-0xefff]
[    0.319096] pci_bus 0000:03: resource 1 [mem 0xfe400000-0xfe7fffff]
[    0.319097] pci_bus 0000:03: resource 2 [mem 0xd0000000-0xe01fffff 64bit pref]
[    0.319098] pci_bus 0000:04: resource 1 [mem 0xfe800000-0xfe8fffff]
[    0.319874] pci 0000:03:00.1: D0 power state depends on 0000:03:00.0
[    0.320097] PCI: CLS 64 bytes, default 64
[    0.320149] Trying to unpack rootfs image as initramfs...
[    0.426837] Initramfs unpacking failed: Decoding failed
[    0.436608] Freeing initrd memory: 48976K
[    0.436739] pci 0000:00:00.2: AMD-Vi: IOMMU performance counters supported
[    0.436957] pci 0000:00:00.2: can't derive routing for PCI INT A
[    0.436960] pci 0000:00:00.2: PCI INT A: not connected
[    0.437003] pci 0000:00:01.0: Adding to iommu group 0
[    0.437035] pci 0000:00:02.0: Adding to iommu group 1
[    0.437056] pci 0000:00:02.1: Adding to iommu group 2
[    0.437077] pci 0000:00:02.5: Adding to iommu group 3
[    0.437106] pci 0000:00:08.0: Adding to iommu group 4
[    0.437118] pci 0000:00:08.1: Adding to iommu group 4
[    0.437133] pci 0000:00:08.2: Adding to iommu group 4
[    0.437157] pci 0000:00:14.0: Adding to iommu group 5
[    0.437170] pci 0000:00:14.3: Adding to iommu group 5
[    0.437224] pci 0000:00:18.0: Adding to iommu group 6
[    0.437237] pci 0000:00:18.1: Adding to iommu group 6
[    0.437250] pci 0000:00:18.2: Adding to iommu group 6
[    0.437265] pci 0000:00:18.3: Adding to iommu group 6
[    0.437278] pci 0000:00:18.4: Adding to iommu group 6
[    0.437292] pci 0000:00:18.5: Adding to iommu group 6
[    0.437304] pci 0000:00:18.6: Adding to iommu group 6
[    0.437317] pci 0000:00:18.7: Adding to iommu group 6
[    0.437339] pci 0000:01:00.0: Adding to iommu group 7
[    0.437361] pci 0000:02:00.0: Adding to iommu group 8
[    0.437374] pci 0000:03:00.0: Adding to iommu group 4
[    0.437381] pci 0000:03:00.1: Adding to iommu group 4
[    0.437387] pci 0000:03:00.2: Adding to iommu group 4
[    0.437393] pci 0000:03:00.3: Adding to iommu group 4
[    0.437400] pci 0000:03:00.4: Adding to iommu group 4
[    0.437406] pci 0000:03:00.5: Adding to iommu group 4
[    0.437413] pci 0000:03:00.6: Adding to iommu group 4
[    0.437421] pci 0000:04:00.0: Adding to iommu group 4
[    0.439061] pci 0000:00:00.2: AMD-Vi: Found IOMMU cap 0x40
[    0.439066] pci 0000:00:00.2: AMD-Vi: Extended features (0x206d73ef22254ade):
[    0.439067]  PPR X2APIC NX GT IA GA PC GA_vAPIC
[    0.439071] AMD-Vi: Interrupt remapping enabled
[    0.439072] AMD-Vi: Virtual APIC enabled
[    0.439072] AMD-Vi: X2APIC enabled
[    0.439288] AMD-Vi: Lazy IO/TLB flushing enabled
[    0.439881] amd_uncore: 4  amd_df counters detected
[    0.439886] amd_uncore: 6  amd_l3 counters detected
[    0.440336] LVT offset 0 assigned for vector 0x400
[    0.440554] perf: AMD IBS detected (0x000003ff)
[    0.440559] perf/amd_iommu: Detected AMD IOMMU #0 (2 banks, 4 counters/bank).
[    0.440596] check: Scanning for low memory corruption every 60 seconds
[    0.441121] Initialise system trusted keyrings
[    0.441138] Key type blacklist registered
[    0.441245] workingset: timestamp_bits=36 max_order=21 bucket_order=0
[    0.441937] zbud: loaded
[    0.442150] squashfs: version 4.0 (2009/01/31) Phillip Lougher
[    0.442383] fuse: init (API version 7.33)
[    0.442840] integrity: Platform Keyring initialized
[    0.445352] Key type asymmetric registered
[    0.445353] Asymmetric key parser 'x509' registered
[    0.445361] Block layer SCSI generic (bsg) driver version 0.4 loaded (major 243)
[    0.445470] io scheduler mq-deadline registered
[    0.446591] pcieport 0000:00:02.1: PME: Signaling with IRQ 26
[    0.446764] pcieport 0000:00:02.5: PME: Signaling with IRQ 27
[    0.446879] pcieport 0000:00:08.1: PME: Signaling with IRQ 28
[    0.447022] pcieport 0000:00:08.2: PME: Signaling with IRQ 29
[    0.447085] shpchp: Standard Hot Plug PCI Controller Driver version: 0.4
[    0.447133] efifb: probing for efifb
[    0.447178] efifb: showing boot graphics
[    0.448616] efifb: framebuffer at 0xd0000000, using 8100k, total 8100k
[    0.448617] efifb: mode is 1920x1080x32, linelength=7680, pages=1
[    0.448618] efifb: scrolling: redraw
[    0.448619] efifb: Truecolor: size=8:8:8:8, shift=24:16:8:0
[    0.448736] Console: switching to colour frame buffer device 240x67
[    0.451530] fb0: EFI VGA frame buffer device
[    0.472265] ACPI: AC Adapter [ADP1] (on-line)
[    0.472309] input: Lid Switch as /devices/LNXSYSTM:00/LNXSYBUS:00/PNP0A08:00/device:33/PNP0C09:00/PNP0C0D:00/input/input0
[    0.472340] ACPI: Lid Switch [LID0]
[    0.472357] input: Power Button as /devices/LNXSYSTM:00/LNXSYBUS:00/PNP0C0C:00/input/input1
[    0.472367] ACPI: Power Button [PWRB]
[    0.472387] input: Sleep Button as /devices/LNXSYSTM:00/LNXSYBUS:00/PNP0C0E:00/input/input2
[    0.472395] ACPI: Sleep Button [SLPB]
[    0.472412] input: Power Button as /devices/LNXSYSTM:00/LNXPWRBN:00/input/input3
[    0.472426] ACPI: Power Button [PWRF]
[    0.472488] Monitor-Mwait will be used to enter C-1 state
[    0.472509] ACPI: \_SB_.PLTF.P000: Found 3 idle states
[    0.472603] ACPI: \_SB_.PLTF.P001: Found 3 idle states
[    0.472866] ACPI: \_SB_.PLTF.P002: Found 3 idle states
[    0.472968] ACPI: \_SB_.PLTF.P003: Found 3 idle states
[    0.473186] ACPI: \_SB_.PLTF.P004: Found 3 idle states
[    0.473285] ACPI: \_SB_.PLTF.P005: Found 3 idle states
[    0.551348] thermal LNXTHERM:00: registered as thermal_zone0
[    0.551357] ACPI: Thermal Zone [THRM] (37 C)
[    0.551973] Serial: 8250/16550 driver, 32 ports, IRQ sharing enabled
[    0.554347] Linux agpgart interface v0.103
[    0.619650] loop: module loaded
[    0.619951] libphy: Fixed MDIO Bus: probed
[    0.619952] tun: Universal TUN/TAP device driver, 1.6
[    0.619982] PPP generic driver version 2.4.2
[    0.620023] VFIO - User Level meta-driver version: 0.3
[    0.620193] ehci_hcd: USB 2.0 'Enhanced' Host Controller (EHCI) Driver
[    0.620196] ehci-pci: EHCI PCI platform driver
[    0.620213] ehci-platform: EHCI generic platform driver
[    0.620227] ohci_hcd: USB 1.1 'Open' Host Controller (OHCI) Driver
[    0.620228] ohci-pci: OHCI PCI platform driver
[    0.620233] ohci-platform: OHCI generic platform driver
[    0.620237] uhci_hcd: USB Universal Host Controller Interface driver
[    0.620283] i8042: PNP: PS/2 Controller [PNP0303:PS2K,PNP0f13:PS2M] at 0x60,0x64 irq 1,12
[    0.623466] serio: i8042 KBD port at 0x60,0x64 irq 1
[    0.623476] serio: i8042 AUX port at 0x60,0x64 irq 12
[    0.623685] mousedev: PS/2 mouse device common for all mice
[    0.623924] rtc_cmos 00:01: RTC can wake from S4
[    0.624196] rtc_cmos 00:01: registered as rtc0
[    0.624271] rtc_cmos 00:01: setting system clock to 2021-02-07T09:24:07 UTC (1612689847)
[    0.624295] rtc_cmos 00:01: alarms up to one month, y3k, 114 bytes nvram, hpet irqs
[    0.624306] i2c /dev entries driver
[    0.624395] device-mapper: uevent: version 1.0.3
[    0.624450] device-mapper: ioctl: 4.43.0-ioctl (2020-10-01) initialised: dm-devel@redhat.com
[    0.624476] platform eisa.0: Probing EISA bus 0
[    0.624479] platform eisa.0: EISA: Cannot allocate resource for mainboard
[    0.624481] platform eisa.0: Cannot allocate resource for EISA slot 1
[    0.624483] platform eisa.0: Cannot allocate resource for EISA slot 2
[    0.624484] platform eisa.0: Cannot allocate resource for EISA slot 3
[    0.624486] platform eisa.0: Cannot allocate resource for EISA slot 4
[    0.624488] platform eisa.0: Cannot allocate resource for EISA slot 5
[    0.624489] platform eisa.0: Cannot allocate resource for EISA slot 6
[    0.624491] platform eisa.0: Cannot allocate resource for EISA slot 7
[    0.624492] platform eisa.0: Cannot allocate resource for EISA slot 8
[    0.624494] platform eisa.0: EISA: Detected 0 cards
[    0.624739] ledtrig-cpu: registered to indicate activity on CPUs
[    0.624744] EFI Variables Facility v0.08 2004-May-17
[    0.626863] drop_monitor: Initializing network drop monitor service
[    0.626982] NET: Registered protocol family 10
[    0.631623] Segment Routing with IPv6
[    0.631661] NET: Registered protocol family 17
[    0.631817] Key type dns_resolver registered
[    0.632516] microcode: CPU0: patch_level=0x08600103
[    0.632527] microcode: CPU1: patch_level=0x08600103
[    0.632537] microcode: CPU2: patch_level=0x08600103
[    0.632547] microcode: CPU3: patch_level=0x08600103
[    0.632573] microcode: CPU4: patch_level=0x08600103
[    0.632579] microcode: CPU5: patch_level=0x08600103
[    0.632606] microcode: Microcode Update Driver: v2.2.
[    0.632762] resctrl: L3 allocation detected
[    0.632762] resctrl: L3DATA allocation detected
[    0.632763] resctrl: L3CODE allocation detected
[    0.632763] resctrl: MB allocation detected
[    0.632764] resctrl: L3 monitoring detected
[    0.632768] IPI shorthand broadcast: enabled
[    0.632824] registered taskstats version 1
[    0.632834] Loading compiled-in X.509 certificates
[    0.633811] Loaded X.509 cert 'Build time autogenerated kernel key: 75e890ef04be94e4d402e272a1c00641157e19cf'
[    0.634099] input: AT Translated Set 2 keyboard as /devices/platform/i8042/serio0/input/input4
[    0.634453] zswap: loaded using pool lzo/zbud
[    0.634637] Key type ._fscrypt registered
[    0.634639] Key type .fscrypt registered
[    0.634639] Key type fscrypt-provisioning registered
[    0.634694] Key type trusted registered
[    0.637012] Key type encrypted registered
[    0.637017] AppArmor: AppArmor sha1 policy hashing enabled
[    0.637106] integrity: Loading X.509 certificate: UEFI:db
[    0.637146] integrity: Loaded X.509 cert 'Microsoft Corporation UEFI CA 2011: 13adbf4309bd82709c8cd54f316ed522988a1bd4'
[    0.637147] integrity: Loading X.509 certificate: UEFI:db
[    0.637165] integrity: Loaded X.509 cert 'Microsoft Windows Production PCA 2011: a92902398e16c49778cd90f99e4f9ae17c55af53'
[    0.637550] integrity: Loading X.509 certificate: UEFI:MokListRT
[    0.637565] integrity: Loaded X.509 cert 'SomeOrg: shim: a01ee84e9b37ace407961cc468c5909447878469'
[    0.637565] integrity: Loading X.509 certificate: UEFI:MokListRT
[    0.637771] integrity: Loaded X.509 cert 'Canonical Ltd. Master Certificate Authority: ad91990bc22ab1f517048c23b6655a268e345a63'
[    0.637777] ima: Allocated hash algorithm: sha1
[    0.743663] ima: No architecture policies found
[    0.743704] evm: Initialising EVM extended attributes:
[    0.743706] evm: security.selinux
[    0.743709] evm: security.SMACK64
[    0.743710] evm: security.SMACK64EXEC
[    0.743711] evm: security.SMACK64TRANSMUTE
[    0.743712] evm: security.SMACK64MMAP
[    0.743713] evm: security.apparmor
[    0.743715] evm: security.ima
[    0.743716] evm: security.capability
[    0.743717] evm: HMAC attrs: 0x1
[    0.744482] PM:   Magic number: 9:826:423
[    0.745670] acpi_cpufreq: overriding BIOS provided _PSD data
[    0.746465] RAS: Correctable Errors collector initialized.
[    0.746482] Unstable clock detected, switching default tracing clock to "global"
               If you want to keep using the local clock, then add:
                 "trace_clock=local"
               on the kernel command line
[    1.099611] battery: ACPI: Battery Slot [BAT1] (battery present)
[    1.103215] Freeing unused decrypted memory: 2036K
[    1.104114] Freeing unused kernel image (initmem) memory: 2676K
[    1.104122] Write protecting the kernel read-only data: 28672k
[    1.105401] Freeing unused kernel image (text/rodata gap) memory: 2036K
[    1.106072] Freeing unused kernel image (rodata/data gap) memory: 1160K
[    1.179296] x86/mm: Checked W+X mappings: passed, no W+X pages found.
[    1.179310] Run /init as init process
[    1.179313]   with arguments:
[    1.179316]     /init
[    1.179317]     splash
[    1.179319]   with environment:
[    1.179320]     HOME=/
[    1.179321]     TERM=linux
[    1.179323]     BOOT_IMAGE=/boot/vmlinuz-5.11.0-051100rc6-generic
[    1.248590] hid: raw HID events driver (C) Jiri Kosina
[    1.249707] i2c_hid i2c-ELAN0300:00: supply vdd not found, using dummy regulator
[    1.249732] i2c_hid i2c-ELAN0300:00: supply vddl not found, using dummy regulator
[    1.250970] ACPI: Video Device [VGA] (multi-head: yes  rom: no  post: no)
[    1.253318] acpi device:15: registered as cooling_device6
[    1.253388] input: Video Bus as /devices/LNXSYSTM:00/LNXSYBUS:00/PNP0A08:00/device:14/LNXVIDEO:00/input/input6
[    1.265726] xhci_hcd 0000:03:00.3: xHCI Host Controller
[    1.265735] xhci_hcd 0000:03:00.3: new USB bus registered, assigned bus number 1
[    1.265834] xhci_hcd 0000:03:00.3: hcc params 0x0268ffe5 hci version 0x110 quirks 0x0000000000000410
[    1.265865] ahci 0000:04:00.0: version 3.0
[    1.266021] ahci 0000:04:00.0: AHCI 0001.0301 32 slots 1 ports 6 Gbps 0x1 impl SATA mode
[    1.266024] ahci 0000:04:00.0: flags: 64bit ncq sntf ilck pm led clo only pmp fbs pio slum part 
[    1.266451] usb usb1: New USB device found, idVendor=1d6b, idProduct=0002, bcdDevice= 5.11
[    1.266454] usb usb1: New USB device strings: Mfr=3, Product=2, SerialNumber=1
[    1.266455] usb usb1: Product: xHCI Host Controller
[    1.266456] usb usb1: Manufacturer: Linux 5.11.0-051100rc6-generic xhci-hcd
[    1.266457] usb usb1: SerialNumber: 0000:03:00.3
[    1.266635] hub 1-0:1.0: USB hub found
[    1.266641] hub 1-0:1.0: 4 ports detected
[    1.266946] piix4_smbus 0000:00:14.0: SMBus Host Controller at 0xb00, revision 0
[    1.266948] piix4_smbus 0000:00:14.0: Using register 0x02 for SMBus port selection
[    1.267229] piix4_smbus 0000:00:14.0: Auxiliary SMBus Host Controller at 0xb20
[    1.267566] xhci_hcd 0000:03:00.3: xHCI Host Controller
[    1.267570] xhci_hcd 0000:03:00.3: new USB bus registered, assigned bus number 2
[    1.267572] xhci_hcd 0000:03:00.3: Host supports USB 3.1 Enhanced SuperSpeed
[    1.267708] usb usb2: We don't know the algorithms for LPM for this host, disabling LPM.
[    1.267723] usb usb2: New USB device found, idVendor=1d6b, idProduct=0003, bcdDevice= 5.11
[    1.267725] usb usb2: New USB device strings: Mfr=3, Product=2, SerialNumber=1
[    1.267726] usb usb2: Product: xHCI Host Controller
[    1.267727] usb usb2: Manufacturer: Linux 5.11.0-051100rc6-generic xhci-hcd
[    1.267728] usb usb2: SerialNumber: 0000:03:00.3
[    1.267857] hub 2-0:1.0: USB hub found
[    1.267863] hub 2-0:1.0: 2 ports detected
[    1.268240] xhci_hcd 0000:03:00.4: xHCI Host Controller
[    1.268245] xhci_hcd 0000:03:00.4: new USB bus registered, assigned bus number 3
[    1.268331] xhci_hcd 0000:03:00.4: hcc params 0x0268ffe5 hci version 0x110 quirks 0x0000000000000410
[    1.268561] scsi host0: ahci
[    1.268579] usb usb3: New USB device found, idVendor=1d6b, idProduct=0002, bcdDevice= 5.11
[    1.268581] usb usb3: New USB device strings: Mfr=3, Product=2, SerialNumber=1
[    1.268582] usb usb3: Product: xHCI Host Controller
[    1.268583] usb usb3: Manufacturer: Linux 5.11.0-051100rc6-generic xhci-hcd
[    1.268584] usb usb3: SerialNumber: 0000:03:00.4
[    1.268650] ata1: SATA max UDMA/133 abar m2048@0xfe800000 port 0xfe800100 irq 40
[    1.268675] hub 3-0:1.0: USB hub found
[    1.268681] hub 3-0:1.0: 4 ports detected
[    1.269077] xhci_hcd 0000:03:00.4: xHCI Host Controller
[    1.269079] xhci_hcd 0000:03:00.4: new USB bus registered, assigned bus number 4
[    1.269081] xhci_hcd 0000:03:00.4: Host supports USB 3.1 Enhanced SuperSpeed
[    1.269093] usb usb4: We don't know the algorithms for LPM for this host, disabling LPM.
[    1.269105] usb usb4: New USB device found, idVendor=1d6b, idProduct=0003, bcdDevice= 5.11
[    1.269107] usb usb4: New USB device strings: Mfr=3, Product=2, SerialNumber=1
[    1.269108] usb usb4: Product: xHCI Host Controller
[    1.269108] usb usb4: Manufacturer: Linux 5.11.0-051100rc6-generic xhci-hcd
[    1.269109] usb usb4: SerialNumber: 0000:03:00.4
[    1.269167] hub 4-0:1.0: USB hub found
[    1.269175] hub 4-0:1.0: 2 ports detected
[    1.271779] nvme nvme0: pci function 0000:01:00.0
[    1.277248] nvme nvme0: missing or invalid SUBNQN field.
[    1.277273] nvme nvme0: Shutdown timeout set to 10 seconds
[    1.278802] nvme nvme0: 8/0/0 default/read/poll queues
[    1.280744]  nvme0n1: p1 p2
[    1.402732] input: ELAN0300:00 04F3:30AA Mouse as /devices/platform/AMDI0010:01/i2c-0/i2c-ELAN0300:00/0018:04F3:30AA.0001/input/input8
[    1.402822] input: ELAN0300:00 04F3:30AA Touchpad as /devices/platform/AMDI0010:01/i2c-0/i2c-ELAN0300:00/0018:04F3:30AA.0001/input/input10
[    1.402882] hid-generic 0018:04F3:30AA.0001: input,hidraw0: I2C HID v1.00 Mouse [ELAN0300:00 04F3:30AA] on i2c-ELAN0300:00
[    1.582541] ata1: SATA link down (SStatus 0 SControl 300)
[    1.603210] usb 1-1: new full-speed USB device number 2 using xhci_hcd
[    1.603233] usb 3-4: new high-speed USB device number 2 using xhci_hcd
[    1.763531] usb 3-4: New USB device found, idVendor=5986, idProduct=211c, bcdDevice= 3.06
[    1.763542] usb 3-4: New USB device strings: Mfr=1, Product=2, SerialNumber=0
[    1.763545] usb 3-4: Product: HD Webcam
[    1.763548] usb 3-4: Manufacturer: SunplusIT Inc
[    1.770693] usb 1-1: New USB device found, idVendor=13d3, idProduct=3549, bcdDevice= 0.00
[    1.770703] usb 1-1: New USB device strings: Mfr=1, Product=2, SerialNumber=3
[    1.770706] usb 1-1: Product: Bluetooth Radio
[    1.770709] usb 1-1: Manufacturer: Realtek
[    1.770711] usb 1-1: SerialNumber: 00e04c000001
[    1.793859] psmouse serio1: elantech: assuming hardware version 4 (with firmware version 0x4d5f01)
[    1.804765] psmouse serio1: elantech: Synaptics capabilities query result 0x11, 0x15, 0x0d.
[    1.815604] psmouse serio1: elantech: Elan sample query result 03, c0, 76
[    1.873989] input: ETPS/2 Elantech Touchpad as /devices/platform/i8042/serio1/input/input7
[    1.907367] usb 1-4: new high-speed USB device number 3 using xhci_hcd
[    2.058744] usb 1-4: New USB device found, idVendor=0bda, idProduct=0129, bcdDevice=39.60
[    2.058753] usb 1-4: New USB device strings: Mfr=1, Product=2, SerialNumber=3
[    2.058757] usb 1-4: Product: USB2.0-CRW
[    2.058760] usb 1-4: Manufacturer: Generic
[    2.058762] usb 1-4: SerialNumber: 20100201396000000
[    2.107672] usbcore: registered new interface driver rtsx_usb
[    2.185588] EXT4-fs (nvme0n1p2): mounted filesystem with ordered data mode. Opts: (null). Quota mode: none.
[    2.286208] systemd[1]: Inserted module 'autofs4'
[    2.305384] systemd[1]: systemd 246.6-1ubuntu1.1 running in system mode. (+PAM +AUDIT +SELINUX +IMA +APPARMOR +SMACK +SYSVINIT +UTMP +LIBCRYPTSETUP +GCRYPT +GNUTLS +ACL +XZ +LZ4 +ZSTD +SECCOMP +BLKID +ELFUTILS +KMOD +IDN2 -IDN +PCRE2 default-hierarchy=hybrid)
[    2.323530] systemd[1]: Detected architecture x86-64.
[    2.344172] systemd[1]: Set hostname to <chill>.
[    2.419662] systemd[1]: /lib/systemd/system/dbus.service:12: Unit configured to use KillMode=none. This is unsafe, as it disables systemd's process lifecycle management for the service. Please update your service to use a safer KillMode=, such as 'mixed' or 'control-group'. Support for KillMode=none is deprecated and will eventually be removed.
[    2.444368] systemd[1]: /lib/systemd/system/plymouth-start.service:17: Unit configured to use KillMode=none. This is unsafe, as it disables systemd's process lifecycle management for the service. Please update your service to use a safer KillMode=, such as 'mixed' or 'control-group'. Support for KillMode=none is deprecated and will eventually be removed.
[    2.467810] systemd[1]: Queued start job for default target Graphical Interface.
[    2.468858] systemd[1]: Created slice system-modprobe.slice.
[    2.469092] systemd[1]: Created slice system-systemd\x2dfsck.slice.
[    2.469208] systemd[1]: Created slice User and Session Slice.
[    2.469259] systemd[1]: Started Forward Password Requests to Wall Directory Watch.
[    2.469395] systemd[1]: Set up automount Arbitrary Executable File Formats File System Automount Point.
[    2.469454] systemd[1]: Reached target Remote File Systems.
[    2.469474] systemd[1]: Reached target Slices.
[    2.470473] systemd[1]: Listening on Syslog Socket.
[    2.470529] systemd[1]: Listening on fsck to fsckd communication Socket.
[    2.470565] systemd[1]: Listening on initctl Compatibility Named Pipe.
[    2.470674] systemd[1]: Listening on Journal Audit Socket.
[    2.470728] systemd[1]: Listening on Journal Socket (/dev/log).
[    2.470790] systemd[1]: Listening on Journal Socket.
[    2.470870] systemd[1]: Listening on udev Control Socket.
[    2.470920] systemd[1]: Listening on udev Kernel Socket.
[    2.471589] systemd[1]: Mounting Huge Pages File System...
[    2.472090] systemd[1]: Mounting POSIX Message Queue File System...
[    2.472697] systemd[1]: Mounting Kernel Debug File System...
[    2.473295] systemd[1]: Mounting Kernel Trace File System...
[    2.474555] systemd[1]: Starting Journal Service...
[    2.475656] systemd[1]: Starting Set the console keyboard layout...
[    2.476533] systemd[1]: Starting Create list of static device nodes for the current kernel...
[    2.477156] systemd[1]: Starting Load Kernel Module drm...
[    2.477565] systemd[1]: Condition check resulted in Set Up Additional Binary Formats being skipped.
[    2.477625] systemd[1]: Condition check resulted in File System Check on Root Device being skipped.
[    2.479776] systemd[1]: Starting Load Kernel Modules...
[    2.480501] systemd[1]: Starting Remount Root and Kernel File Systems...
[    2.481328] systemd[1]: Starting Coldplug All udev Devices...
[    2.481947] systemd[1]: Starting Uncomplicated firewall...
[    2.483213] systemd[1]: Mounted Huge Pages File System.
[    2.483349] systemd[1]: Mounted POSIX Message Queue File System.
[    2.483433] systemd[1]: Mounted Kernel Debug File System.
[    2.483527] systemd[1]: Mounted Kernel Trace File System.
[    2.483901] systemd[1]: Finished Create list of static device nodes for the current kernel.
[    2.486315] systemd[1]: Finished Uncomplicated firewall.
[    2.487730] systemd[1]: modprobe@drm.service: Succeeded.
[    2.487953] systemd[1]: Finished Load Kernel Module drm.
[    2.488027] EXT4-fs (nvme0n1p2): re-mounted. Opts: errors=remount-ro. Quota mode: none.
[    2.489087] systemd[1]: Finished Remount Root and Kernel File Systems.
[    2.489821] systemd[1]: Activating swap /swapfile...
[    2.490262] systemd[1]: Condition check resulted in Rebuild Hardware Database being skipped.
[    2.490307] systemd[1]: Condition check resulted in Platform Persistent Storage Archival being skipped.
[    2.490930] systemd[1]: Starting Load/Save Random Seed...
[    2.491667] systemd[1]: Starting Create System Users...
[    2.494696] lp: driver loaded but no devices found
[    2.498161] ppdev: user-space parallel port driver
[    2.502172] systemd[1]: Finished Load/Save Random Seed.
[    2.502531] systemd[1]: Finished Load Kernel Modules.
[    2.503334] systemd[1]: Mounting FUSE Control File System...
[    2.504015] systemd[1]: Mounting Kernel Configuration File System...
[    2.504638] systemd[1]: Starting Apply Kernel Variables...
[    2.505680] systemd[1]: Mounted FUSE Control File System.
[    2.505777] systemd[1]: Mounted Kernel Configuration File System.
[    2.507275] Adding 2097148k swap on /swapfile.  Priority:-2 extents:6 across:2260988k SSFS
[    2.507339] systemd[1]: Activated swap /swapfile.
[    2.507386] systemd[1]: Reached target Swap.
[    2.513133] systemd[1]: Finished Create System Users.
[    2.513830] systemd[1]: Starting Create Static Device Nodes in /dev...
[    2.517777] systemd[1]: Finished Set the console keyboard layout.
[    2.518134] systemd[1]: Finished Apply Kernel Variables.
[    2.521585] systemd[1]: Finished Create Static Device Nodes in /dev.
[    2.521736] systemd[1]: Reached target Local File Systems (Pre).
[    2.525361] systemd[1]: Mounting Mount unit for core, revision 10583...
[    2.526790] systemd[1]: Mounting Mount unit for core18, revision 1944...
[    2.527676] loop0: detected capacity change from 200464 to 0
[    2.527933] systemd[1]: Mounting Mount unit for core18, revision 1988...
[    2.529021] systemd[1]: Mounting Mount unit for gnome-3-28-1804, revision 145...
[    2.529981] systemd[1]: Mounting Mount unit for gnome-3-34-1804, revision 60...
[    2.530824] systemd[1]: Mounting Mount unit for gnome-3-34-1804, revision 66...
[    2.532056] systemd[1]: Mounting Mount unit for gtk-common-themes, revision 1506...
[    2.532900] systemd[1]: Mounting Mount unit for gtk-common-themes, revision 1514...
[    2.533692] systemd[1]: Mounting Mount unit for signal-desktop, revision 346...
[    2.536206] systemd[1]: Mounting Mount unit for skype, revision 161...
[    2.537260] systemd[1]: Mounting Mount unit for snap-store, revision 481...
[    2.537986] systemd[1]: Mounting Mount unit for snap-store, revision 518...
[    2.538702] systemd[1]: Mounting Mount unit for snapd, revision 10707...
[    2.539838] systemd[1]: Mounting Mount unit for snapd, revision 9721...
[    2.540987] systemd[1]: Starting Rule-based Manager for Device Events and Files...
[    2.541336] systemd[1]: Started Journal Service.
[    2.559770] loop1: detected capacity change from 113592 to 0
[    2.575609] loop2: detected capacity change from 333552 to 0
[    2.603572] loop3: detected capacity change from 365512 to 0
[    2.603773] loop4: detected capacity change from 104536 to 0
[    2.633003] loop5: detected capacity change from 113424 to 0
[    2.671715] loop6: detected capacity change from 63672 to 0
[    2.687383] loop7: detected capacity change from 446248 to 0
[    2.724533] loop8: detected capacity change from 132648 to 0
[    2.780021] loop9: detected capacity change from 448496 to 0
[    2.828436] loop10: detected capacity change from 103776 to 0
[    2.881979] loop11: detected capacity change from 127160 to 0
[    2.926327] soc_button_array ACPI0011:00: Unknown button index 0 upage 01 usage c6, ignoring
[    2.942621] loop12: detected capacity change from 63360 to 0
[    2.980994] input: gpio-keys as /devices/platform/ACPI0011:00/gpio-keys.3.auto/input/input11
[    2.981027] ccp 0000:03:00.2: enabling device (0000 -> 0002)
[    2.981205] ccp 0000:03:00.2: ccp: unable to access the device: you might be running a broken BIOS.
[    2.983408] snd_rn_pci_acp3x 0000:03:00.5: enabling device (0000 -> 0002)
[    2.991251] loop13: detected capacity change from 262224 to 0
[    2.991381] ccp 0000:03:00.2: tee enabled
[    2.991386] ccp 0000:03:00.2: psp enabled
[    3.002123] cfg80211: Loading compiled-in X.509 certificates for regulatory database
[    3.002271] cfg80211: Loaded X.509 cert 'sforshee: 00b28ddf47aef9cea7'
[    3.008701] input: MSI WMI hotkeys as /devices/virtual/input/input12
[    3.013131] mc: Linux media interface: v0.10
[    3.046586] videodev: Linux video capture interface: v2.00
[    3.048677] Bluetooth: Core ver 2.22
[    3.048708] NET: Registered protocol family 31
[    3.048710] Bluetooth: HCI device and connection manager initialized
[    3.048716] Bluetooth: HCI socket layer initialized
[    3.048720] Bluetooth: L2CAP socket layer initialized
[    3.048725] Bluetooth: SCO socket layer initialized
[    3.049518] pstore: Using crash dump compression: deflate
[    3.049526] pstore: Registered efi as persistent store backend
[    3.055662] RAPL PMU: API unit is 2^-32 Joules, 1 fixed counters, 163840 ms ovfl timer
[    3.055667] RAPL PMU: hw unit of domain package 2^-16 Joules
[    3.058676] cryptd: max_cpu_qlen set to 1000
[    3.065029] usbcore: registered new interface driver btusb
[    3.067378] AMD-Vi: AMD IOMMUv2 driver by Joerg Roedel <jroedel@suse.de>
[    3.067734] Bluetooth: hci0: RTL: examining hci_ver=0a hci_rev=000c lmp_ver=0a lmp_subver=8822
[    3.069322] Bluetooth: hci0: RTL: rom_version status=0 version=3
[    3.069325] Bluetooth: hci0: RTL: loading rtl_bt/rtl8822cu_fw.bin
[    3.070642] Bluetooth: hci0: RTL: loading rtl_bt/rtl8822cu_config.bin
[    3.070774] Bluetooth: hci0: RTL: cfg_sz 6, total sz 31422
[    3.109298] AVX2 version of gcm_enc/dec engaged.
[    3.109302] AES CTR mode by8 optimization enabled
[    3.111286] uvcvideo: Found UVC 1.00 device HD Webcam (5986:211c)
[    3.125597] rtw_8822ce 0000:02:00.0: enabling device (0000 -> 0003)
[    3.131663] rtw_8822ce 0000:02:00.0: Firmware version 9.9.0, H2C version 15
[    3.131731] rtw_8822ce 0000:02:00.0: Firmware version 9.9.0, H2C version 15
[    3.136328] input: HD Webcam: HD Webcam as /devices/pci0000:00/0000:00:08.1/0000:03:00.4/usb3/3-4/3-4:1.0/input/input13
[    3.136821] usbcore: registered new interface driver uvcvideo
[    3.136825] USB Video Class driver (1.1.1)
[    3.147732] input: ELAN0300:00 04F3:30AA Mouse as /devices/platform/AMDI0010:01/i2c-0/i2c-ELAN0300:00/0018:04F3:30AA.0001/input/input14
[    3.147832] input: ELAN0300:00 04F3:30AA Touchpad as /devices/platform/AMDI0010:01/i2c-0/i2c-ELAN0300:00/0018:04F3:30AA.0001/input/input16
[    3.147870] hid-multitouch 0018:04F3:30AA.0001: input,hidraw0: I2C HID v1.00 Mouse [ELAN0300:00 04F3:30AA] on i2c-ELAN0300:00
[    3.212632] rtw_8822ce 0000:02:00.0 wlp2s0: renamed from wlan0
[    3.214126] kvm: Nested Virtualization enabled
[    3.214147] SVM: kvm: Nested Paging enabled
[    3.214147] SVM: Virtual VMLOAD VMSAVE supported
[    3.214148] SVM: Virtual GIF supported
[    3.216683] MCE: In-kernel MCE decoding enabled.
[    3.216891] [drm] amdgpu kernel modesetting enabled.
[    3.216982] Virtual CRAT table created for CPU
[    3.216994] amdgpu: Topology: Add CPU node
[    3.217059] checking generic (d0000000 7e9000) vs hw (d0000000 10000000)
[    3.217060] fb0: switching to amdgpudrmfb from EFI VGA
[    3.217154] Console: switching to colour dummy device 80x25
[    3.217190] amdgpu 0000:03:00.0: vgaarb: deactivate vga console
[    3.217275] amdgpu 0000:03:00.0: enabling device (0006 -> 0007)
[    3.217370] [drm] initializing kernel modesetting (RENOIR 0x1002:0x1636 0x1462:0x12C8 0xC3).
[    3.217373] amdgpu 0000:03:00.0: amdgpu: Trusted Memory Zone (TMZ) feature disabled as experimental (default)
[    3.218300] EDAC amd64: F17h_M60h detected (node 0).
[    3.218348] EDAC amd64: Node 0: DRAM ECC disabled.
[    3.231316] [drm] register mmio base: 0xFE700000
[    3.231322] [drm] register mmio size: 524288
[    3.231328] [drm] PCIE atomic ops is not supported
[    3.232482] [drm] add ip block number 0 <soc15_common>
[    3.232483] [drm] add ip block number 1 <gmc_v9_0>
[    3.232484] [drm] add ip block number 2 <vega10_ih>
[    3.232485] [drm] add ip block number 3 <psp>
[    3.232486] [drm] add ip block number 4 <smu>
[    3.232487] [drm] add ip block number 5 <gfx_v9_0>
[    3.232488] [drm] add ip block number 6 <sdma_v4_0>
[    3.232489] [drm] add ip block number 7 <dm>
[    3.232490] [drm] add ip block number 8 <vcn_v2_0>
[    3.232490] [drm] add ip block number 9 <jpeg_v2_0>
[    3.232507] amdgpu 0000:03:00.0: amdgpu: Fetched VBIOS from VFCT
[    3.232510] amdgpu: ATOM BIOS: 113-RENOIR-025
[    3.233386] [drm] VCN decode is enabled in VM mode
[    3.233387] [drm] VCN encode is enabled in VM mode
[    3.233387] [drm] JPEG decode is enabled in VM mode
[    3.233408] [drm] vm size is 262144 GB, 4 levels, block size is 9-bit, fragment size is 9-bit
[    3.233414] amdgpu 0000:03:00.0: amdgpu: VRAM: 512M 0x000000F400000000 - 0x000000F41FFFFFFF (512M used)
[    3.233416] amdgpu 0000:03:00.0: amdgpu: GART: 1024M 0x0000000000000000 - 0x000000003FFFFFFF
[    3.233417] amdgpu 0000:03:00.0: amdgpu: AGP: 267419648M 0x000000F800000000 - 0x0000FFFFFFFFFFFF
[    3.233422] [drm] Detected VRAM RAM=512M, BAR=512M
[    3.233423] [drm] RAM width 64bits DDR4
[    3.233484] [TTM] Zone  kernel: Available graphics memory: 3794114 KiB
[    3.233485] [TTM] Zone   dma32: Available graphics memory: 2097152 KiB
[    3.233518] [drm] amdgpu: 512M of VRAM memory ready
[    3.233520] [drm] amdgpu: 3072M of GTT memory ready.
[    3.233521] [drm] GART: num cpu pages 262144, num gpu pages 262144
[    3.233649] [drm] PCIE GART of 1024M enabled (table at 0x000000F400900000).
[    3.234340] amdgpu 0000:03:00.0: Direct firmware load for amdgpu/renoir_ta.bin failed with error -2
[    3.234343] amdgpu 0000:03:00.0: amdgpu: psp v12.0: Failed to load firmware "amdgpu/renoir_ta.bin"
[    3.241267] [drm] Loading DMUB firmware via PSP: version=0x00000000
[    3.242349] [drm] Found VCN firmware Version ENC: 1.7 DEC: 4 VEP: 0 Revision: 17
[    3.242353] [drm] PSP loading VCN firmware
[    3.352726] Bluetooth: hci0: RTL: fw version 0x09993aa1
[    3.832666] [drm] reserve 0x400000 from 0xf41f800000 for PSP TMR
[    3.843944] EDAC amd64: F17h_M60h detected (node 0).
[    3.844007] EDAC amd64: Node 0: DRAM ECC disabled.
[    3.870364] intel_rapl_common: Found RAPL domain package
[    3.870367] intel_rapl_common: Found RAPL domain core
[    3.915747] EDAC amd64: F17h_M60h detected (node 0).
[    3.915786] EDAC amd64: Node 0: DRAM ECC disabled.
[    3.927830] audit: type=1400 audit(1612689850.800:2): apparmor="STATUS" operation="profile_load" profile="unconfined" name="libreoffice-senddoc" pid=532 comm="apparmor_parser"
[    3.929309] audit: type=1400 audit(1612689850.800:3): apparmor="STATUS" operation="profile_load" profile="unconfined" name="lsb_release" pid=531 comm="apparmor_parser"
[    3.930583] audit: type=1400 audit(1612689850.800:4): apparmor="STATUS" operation="profile_load" profile="unconfined" name="/usr/lib/snapd/snap-confine" pid=533 comm="apparmor_parser"
[    3.930589] audit: type=1400 audit(1612689850.800:5): apparmor="STATUS" operation="profile_load" profile="unconfined" name="/usr/lib/snapd/snap-confine//mount-namespace-capture-helper" pid=533 comm="apparmor_parser"
[    3.932150] audit: type=1400 audit(1612689850.804:6): apparmor="STATUS" operation="profile_load" profile="unconfined" name="tcpdump" pid=530 comm="apparmor_parser"
[    3.934047] audit: type=1400 audit(1612689850.804:7): apparmor="STATUS" operation="profile_load" profile="unconfined" name="nvidia_modprobe" pid=541 comm="apparmor_parser"
[    3.934054] audit: type=1400 audit(1612689850.804:8): apparmor="STATUS" operation="profile_load" profile="unconfined" name="nvidia_modprobe//kmod" pid=541 comm="apparmor_parser"
[    3.937926] audit: type=1400 audit(1612689850.808:9): apparmor="STATUS" operation="profile_load" profile="unconfined" name="/usr/lib/NetworkManager/nm-dhcp-client.action" pid=534 comm="apparmor_parser"
[    3.937934] audit: type=1400 audit(1612689850.808:10): apparmor="STATUS" operation="profile_load" profile="unconfined" name="/usr/lib/NetworkManager/nm-dhcp-helper" pid=534 comm="apparmor_parser"
[    4.027826] amdgpu 0000:03:00.0: amdgpu: SMU is initialized successfully!
[    4.029170] [drm] kiq ring mec 2 pipe 1 q 0
[    4.030129] [drm] Display Core initialized with v3.2.116!
[    4.042926] [drm] DMUB hardware initialized: version=0x01000000
[    4.047899] EDAC amd64: F17h_M60h detected (node 0).
[    4.047960] EDAC amd64: Node 0: DRAM ECC disabled.
[    4.049041] snd_hda_intel 0000:03:00.1: enabling device (0000 -> 0002)
[    4.049122] snd_hda_intel 0000:03:00.1: Handle vga_switcheroo audio client
[    4.049156] snd_hda_intel 0000:03:00.6: enabling device (0000 -> 0002)
[    4.056852] input: HD-Audio Generic HDMI/DP,pcm=3 as /devices/pci0000:00/0000:00:08.1/0000:03:00.1/sound/card0/input17
[    4.073839] snd_hda_codec_realtek hdaudioC1D0: autoconfig for ALC233: line_outs=1 (0x14/0x0/0x0/0x0/0x0) type:speaker
[    4.073845] snd_hda_codec_realtek hdaudioC1D0:    speaker_outs=0 (0x0/0x0/0x0/0x0/0x0)
[    4.073847] snd_hda_codec_realtek hdaudioC1D0:    hp_outs=1 (0x21/0x0/0x0/0x0/0x0)
[    4.073849] snd_hda_codec_realtek hdaudioC1D0:    mono: mono_out=0x0
[    4.073850] snd_hda_codec_realtek hdaudioC1D0:    inputs:
[    4.073851] snd_hda_codec_realtek hdaudioC1D0:      Mic=0x19
[    4.073852] snd_hda_codec_realtek hdaudioC1D0:      Internal Mic=0x12
[    4.075327] snd_hda_intel 0000:03:00.1: bound 0000:03:00.0 (ops amdgpu_dm_audio_component_bind_ops [amdgpu])
[    4.151862] EDAC amd64: F17h_M60h detected (node 0).
[    4.151911] EDAC amd64: Node 0: DRAM ECC disabled.
[    4.155413] input: HD-Audio Generic Mic as /devices/pci0000:00/0000:00:08.1/0000:03:00.6/sound/card1/input18
[    4.155479] input: HD-Audio Generic Headphone as /devices/pci0000:00/0000:00:08.1/0000:03:00.6/sound/card1/input19
[    4.203704] EDAC amd64: F17h_M60h detected (node 0).
[    4.203749] EDAC amd64: Node 0: DRAM ECC disabled.
[    4.216458] [drm] VCN decode and encode initialized successfully(under DPG Mode).
[    4.216479] [drm] JPEG decode initialized successfully.
[    4.218592] kfd kfd: Allocated 3969056 bytes on gart
[    4.218702] Virtual CRAT table created for GPU
[    4.219111] amdgpu: Topology: Add dGPU node [0x1636:0x1002]
[    4.219114] kfd kfd: added device 1002:1636
[    4.219117] amdgpu 0000:03:00.0: amdgpu: SE 1, SH per SE 2, CU per SH 18, active_cu_number 26
[    4.221085] [drm] fb mappable at 0x210CE0000
[    4.221089] [drm] vram apper at 0x210000000
[    4.221089] [drm] size 8294400
[    4.221090] [drm] fb depth is 24
[    4.221091] [drm]    pitch is 7680
[    4.221202] fbcon: amdgpudrmfb (fb0) is primary device
[    4.224083] Bluetooth: BNEP (Ethernet Emulation) ver 1.3
[    4.224086] Bluetooth: BNEP filters: protocol multicast
[    4.224090] Bluetooth: BNEP socket layer initialized
[    4.230318] NET: Registered protocol family 38
[    4.256067] [drm] Failed to add display topology, DTM TA is not initialized.
[    4.274002] Console: switching to colour frame buffer device 240x67
[    4.292191] amdgpu 0000:03:00.0: [drm] fb0: amdgpudrmfb frame buffer device
[    4.315526] amdgpu 0000:03:00.0: amdgpu: ring gfx uses VM inv eng 0 on hub 0
[    4.315535] amdgpu 0000:03:00.0: amdgpu: ring comp_1.0.0 uses VM inv eng 1 on hub 0
[    4.315538] amdgpu 0000:03:00.0: amdgpu: ring comp_1.1.0 uses VM inv eng 4 on hub 0
[    4.315540] amdgpu 0000:03:00.0: amdgpu: ring comp_1.2.0 uses VM inv eng 5 on hub 0
[    4.315542] amdgpu 0000:03:00.0: amdgpu: ring comp_1.3.0 uses VM inv eng 6 on hub 0
[    4.315544] amdgpu 0000:03:00.0: amdgpu: ring comp_1.0.1 uses VM inv eng 7 on hub 0
[    4.315546] amdgpu 0000:03:00.0: amdgpu: ring comp_1.1.1 uses VM inv eng 8 on hub 0
[    4.315548] amdgpu 0000:03:00.0: amdgpu: ring comp_1.2.1 uses VM inv eng 9 on hub 0
[    4.315550] amdgpu 0000:03:00.0: amdgpu: ring comp_1.3.1 uses VM inv eng 10 on hub 0
[    4.315552] amdgpu 0000:03:00.0: amdgpu: ring kiq_2.1.0 uses VM inv eng 11 on hub 0
[    4.315555] amdgpu 0000:03:00.0: amdgpu: ring sdma0 uses VM inv eng 0 on hub 1
[    4.315557] amdgpu 0000:03:00.0: amdgpu: ring vcn_dec uses VM inv eng 1 on hub 1
[    4.315559] amdgpu 0000:03:00.0: amdgpu: ring vcn_enc0 uses VM inv eng 4 on hub 1
[    4.315562] amdgpu 0000:03:00.0: amdgpu: ring vcn_enc1 uses VM inv eng 5 on hub 1
[    4.315564] amdgpu 0000:03:00.0: amdgpu: ring jpeg_dec uses VM inv eng 6 on hub 1
[    4.324231] [drm] Initialized amdgpu 3.40.0 20150101 for 0000:03:00.0 on minor 0
[    5.254082] rtw_8822ce 0000:02:00.0: start vif 70:66:55:dc:ef:a3 on port 0
[    5.359678] amdgpu 0000:03:00.0: amdgpu: Unsupported power profile mode 0 on RENOIR
[    5.372608] loop14: detected capacity change from 8 to 0
[    6.284098] rfkill: input handler disabled
[    9.521377] Bluetooth: RFCOMM TTY layer initialized
[    9.521387] Bluetooth: RFCOMM socket layer initialized
[    9.521391] Bluetooth: RFCOMM ver 1.11
[    9.730860] rfkill: input handler enabled
[   11.404015] rfkill: input handler disabled
[   11.658265] kauditd_printk_skb: 36 callbacks suppressed
[   11.658268] audit: type=1400 audit(1612689858.528:47): apparmor="DENIED" operation="capable" profile="/snap/snapd/10707/usr/lib/snapd/snap-confine" pid=1822 comm="snap-confine" capability=4  capname="fsetid"
[   13.060527] audit: type=1326 audit(1612689859.932:48): auid=1000 uid=1000 gid=1000 ses=3 subj==snap.snap-store.ubuntu-software (enforce) pid=1822 comm="snap-store" exe="/snap/snap-store/518/usr/bin/snap-store" sig=0 arch=c000003e syscall=314 compat=0 ip=0x7f1194396639 code=0x50000
[   17.557270] wlp2s0: authenticate with 78:53:0d:ed:11:bb
[   18.076741] wlp2s0: send auth to 78:53:0d:ed:11:bb (try 1/3)
[   18.080257] wlp2s0: authenticated
[   18.087399] wlp2s0: associate with 78:53:0d:ed:11:bb (try 1/3)
[   18.090775] wlp2s0: RX AssocResp from 78:53:0d:ed:11:bb (capab=0x1111 status=0 aid=1)
[   18.090802] rtw_8822ce 0000:02:00.0: sta 78:53:0d:ed:11:bb joined with macid 0
[   18.091096] wlp2s0: associated
[   18.230917] IPv6: ADDRCONF(NETDEV_CHANGE): wlp2s0: link becomes ready
[   39.583863] kb: loading out-of-tree module taints kernel.
[   39.583934] kb: module verification failed: signature and/or required key missing - tainting kernel
[   39.584371] usbcore: registered new interface driver kbd
[   46.175415] usb 1-3: new low-speed USB device number 4 using xhci_hcd
[   46.341002] usb 1-3: New USB device found, idVendor=1a2c, idProduct=4c5e, bcdDevice= 1.10
[   46.341012] usb 1-3: New USB device strings: Mfr=1, Product=2, SerialNumber=0
[   46.341016] usb 1-3: Product: USB Keyboard
[   46.341019] usb 1-3: Manufacturer: SEMICO
[   46.365115] usb keyboard has been loaded
[   46.431771] input: SEMICO USB Keyboard Consumer Control as /devices/pci0000:00/0000:00:08.1/0000:03:00.3/usb1/1-3/1-3:1.1/0003:1A2C:4C5E.0002/input/input20
[   46.491858] input: SEMICO USB Keyboard System Control as /devices/pci0000:00/0000:00:08.1/0000:03:00.3/usb1/1-3/1-3:1.1/0003:1A2C:4C5E.0002/input/input21
[   46.492279] input: SEMICO USB Keyboard as /devices/pci0000:00/0000:00:08.1/0000:03:00.3/usb1/1-3/1-3:1.1/0003:1A2C:4C5E.0002/input/input23
[   46.493164] hid-generic 0003:1A2C:4C5E.0002: input,hiddev0,hidraw1: USB HID v1.10 Keyboard [SEMICO USB Keyboard] on usb-0000:03:00.3-3/input1
[   46.493258] usbcore: registered new interface driver usbhid
[   46.493261] usbhid: USB HID core driver
[   48.270929] usb 1-3: USB disconnect, device number 4
[   48.271017] exiting from the kb driver
[   74.670109] process '/usr/bin/node' started with executable stack
